// Jest Snapshot v1, https://goo.gl/fbAQLP

exports[`Atom: LoadingSpinner renders correctly 1`] = `
<div
  className="loading"
/>
`;
